[dotenv@17.2.3] injecting env (21) from .env.test -- tip: ­ƒôí add observability to secrets: https://dotenvx.com/ops
[dotenv@17.2.3] injecting env (11) from .env.local -- tip: ÔÜÖ´©Å  write to custom object with { processEnv: myObject }

Running 229 tests using 1 worker

[dotenv@17.2.3] injecting env (0) from .env.test -- tip: ­ƒöæ add access controls to secrets: https://dotenvx.com/ops
[dotenv@17.2.3] injecting env (0) from .env.local -- tip: ­ƒöä add secrets lifecycle management: https://dotenvx.com/ops
­ƒöÉ [ADMIN] Iniciando login para: e2e.admin@teste.com
Ô£à [ADMIN] Credenciais preenchidas
­ƒû▒´©Å [ADMIN] Bot├úo clicado
Ô£à [ADMIN] Redirecionado para /inicio
Ô£à [ADMIN] Cookie hb_access_token presente
Ô£à [ADMIN] Estado salvo em: C:\HB TRACK\Hb Track - Fronted\playwright\.auth\admin.json
  Ô£ô    1 [setup] ÔÇ║ tests\e2e\setup\auth.setup.ts:109:6 ÔÇ║ Leia tests_log p/ solucionar -> autenticar admin (3.6s)
ÔÜá´©Å [DIRIGENTE] Usando storage state de admin (admin j├í ├® dirigente)
Ô£à [DIRIGENTE] Estado copiado de admin.json
  Ô£ô    2 [setup] ÔÇ║ tests\e2e\setup\auth.setup.ts:126:6 ÔÇ║ Leia tests_log p/ solucionar -> autenticar dirigente (190ms)
­ƒöÉ [COORDENADOR] Iniciando login para: e2e.coordenador@teste.com
Ô£à [COORDENADOR] Credenciais preenchidas
­ƒû▒´©Å [COORDENADOR] Bot├úo clicado
Ô£à [COORDENADOR] Redirecionado para /inicio
Ô£à [COORDENADOR] Cookie hb_access_token presente
Ô£à [COORDENADOR] Estado salvo em: C:\HB TRACK\Hb Track - Fronted\playwright\.auth\coordenador.json
  Ô£ô    3 [setup] ÔÇ║ tests\e2e\setup\auth.setup.ts:137:6 ÔÇ║ Leia tests_log p/ solucionar -> autenticar coordenador (2.1s)
­ƒöÉ [COACH] Iniciando login para: e2e.treinador@teste.com
Ô£à [COACH] Credenciais preenchidas
­ƒû▒´©Å [COACH] Bot├úo clicado
Ô£à [COACH] Redirecionado para /inicio
Ô£à [COACH] Cookie hb_access_token presente
Ô£à [COACH] Estado salvo em: C:\HB TRACK\Hb Track - Fronted\playwright\.auth\coach.json
  Ô£ô    4 [setup] ÔÇ║ tests\e2e\setup\auth.setup.ts:154:6 ÔÇ║ Leia tests_log p/ solucionar -> autenticar coach (2.2s)
node.exe : ÔÜá´©Å [ATLETA] Usando storage state de admin (tempor├írio)
No linha:1 caractere:1
+ & "C:\Program Files\nodejs/node.exe" "C:\Program Files\nodejs/node_mo ...
+ ~~~~~~~~~~~~~~~~~~~~~~~~~~~~~~~~~~~~~~~~~~~~~~~~~~~~~~~~~~~~~~~~~~~~~
    + CategoryInfo          : NotSpecified: (ÔÜá´©Å [ATLETA]...n (tempor├írio):String) [], Remo 
   teException
    + FullyQualifiedErrorId : NativeCommandError
 
Ô£à [ATLETA] Estado copiado de admin.json
  Ô£ô    5 [setup] ÔÇ║ tests\e2e\setup\auth.setup.ts:171:6 ÔÇ║ Leia tests_log p/ solucionar -> autenticar atleta (192ms)
Ô£à [USER] Estado copiado de admin.json para user.json
  Ô£ô    6 [setup] ÔÇ║ tests\e2e\setup\auth.setup.ts:206:6 ÔÇ║ Leia tests_log p/ solucionar -> autenticar usu├írio padr├úo (205ms)
  -    7 [chromium] ÔÇ║ tests\e2e\teams\teams.agenda.spec.ts:65:7 ÔÇ║ Teams Agenda - Visualiza├º├úo de Jogos ÔÇ║ deve exibir aba agenda com se├º├úo de jogos
  -    8 [chromium] ÔÇ║ tests\e2e\teams\teams.agenda.spec.ts:76:7 ÔÇ║ Teams Agenda - Visualiza├º├úo de Jogos ÔÇ║ deve listar jogos da equipe (3 matches do seed)
  -    9 [chromium] ÔÇ║ tests\e2e\teams\teams.agenda.spec.ts:90:7 ÔÇ║ Teams Agenda - Visualiza├º├úo de Jogos ÔÇ║ deve mostrar detalhes do jogo finalizado (3-1)
  -   10 [chromium] ÔÇ║ tests\e2e\teams\teams.agenda.spec.ts:109:7 ÔÇ║ Teams Agenda - Visualiza├º├úo de Jogos ÔÇ║ deve mostrar jogos futuros agendados (scheduled)
  -   11 [chromium] ÔÇ║ tests\e2e\teams\teams.agenda.spec.ts:121:7 ÔÇ║ Teams Agenda - Visualiza├º├úo de Jogos ÔÇ║ deve exibir data do jogo corretamente
  -   12 [chromium] ÔÇ║ tests\e2e\teams\teams.agenda.spec.ts:141:7 ÔÇ║ Teams Agenda - Visualiza├º├úo de Treinos ÔÇ║ deve listar treinos da equipe (3 training sessions do seed)
  -   13 [chromium] ÔÇ║ tests\e2e\teams\teams.agenda.spec.ts:155:7 ÔÇ║ Teams Agenda - Visualiza├º├úo de Treinos ÔÇ║ deve mostrar detalhes do treino (t├¡tulo, data, dura├º├úo)
  -   14 [chromium] ÔÇ║ tests\e2e\teams\teams.agenda.spec.ts:178:7 ÔÇ║ Teams Agenda - Visualiza├º├úo de Treinos ÔÇ║ deve mostrar local do treino
  -   15 [chromium] ÔÇ║ tests\e2e\teams\teams.agenda.spec.ts:194:7 ÔÇ║ Teams Agenda - Visualiza├º├úo de Treinos ÔÇ║ deve exibir data e hor├írio do treino
  -   16 [chromium] ÔÇ║ tests\e2e\teams\teams.agenda.spec.ts:214:7 ÔÇ║ Teams Agenda - Filtros e Ordena├º├úo ÔÇ║ deve permitir filtrar por tipo (jogos/treinos)
  -   17 [chromium] ÔÇ║ tests\e2e\teams\teams.agenda.spec.ts:232:7 ÔÇ║ Teams Agenda - Filtros e Ordena├º├úo ÔÇ║ deve permitir filtrar por per├¡odo (passado/futuro)
  -   18 [chromium] ÔÇ║ tests\e2e\teams\teams.agenda.spec.ts:250:7 ÔÇ║ Teams Agenda - Filtros e Ordena├º├úo ÔÇ║ deve ordenar eventos por data (mais recentes primeiro)
  -   19 [chromium] ÔÇ║ tests\e2e\teams\teams.agenda.spec.ts:277:7 ÔÇ║ Teams Agenda - Permiss├Áes RBAC ÔÇ║ dirigente deve ver agenda completa
  -   20 [chromium] ÔÇ║ tests\e2e\teams\teams.agenda.spec.ts:288:7 ÔÇ║ Teams Agenda - Permiss├Áes RBAC ÔÇ║ treinador deve ver agenda da sua equipe
  -   21 [chromium] ÔÇ║ tests\e2e\teams\teams.agenda.spec.ts:307:7 ÔÇ║ Teams Agenda - Integra├º├úo com Seed E2E ÔÇ║ SEED: deve ter 3 jogos criados (1 passado, 2 futuros)
  -   22 [chromium] ÔÇ║ tests\e2e\teams\teams.agenda.spec.ts:319:7 ÔÇ║ Teams Agenda - Integra├º├úo com Seed E2E ÔÇ║ SEED: deve ter 3 treinos criados
  -   23 [chromium] ÔÇ║ tests\e2e\teams\teams.agenda.spec.ts:331:7 ÔÇ║ Teams Agenda - Integra├º├úo com Seed E2E ÔÇ║ SEED: jogo finalizado deve ter placar 3-1
[dotenv@17.2.3] injecting env (0) from .env.test -- tip: ­ƒöÉ prevent committing .env to code: https://dotenvx.com/precommit
[dotenv@17.2.3] injecting env (0) from .env.local -- tip: ­ƒöÉ prevent building .env in docker: https://dotenvx.com/prebuild
  Ô£ô   24 [chromium] ÔÇ║ tests\e2e\teams\teams.athletes.spec.ts:74:7 ÔÇ║ Athletes - Listar Registrations via API ÔÇ║ endpoint GET /teams/{id}/registrations deve existir (79ms)
  Ô£ô   25 [chromium] ÔÇ║ tests\e2e\teams\teams.athletes.spec.ts:88:7 ÔÇ║ Athletes - Listar Registrations via API ÔÇ║ equipe nova deve ter lista vazia de registrations (276ms)
  Ô£ô   26 [chromium] ÔÇ║ tests\e2e\teams\teams.athletes.spec.ts:105:7 ÔÇ║ Athletes - Listar Registrations via API ÔÇ║ par├ómetro active_only deve filtrar registrations (60ms)
  Ô£ô   27 [chromium] ÔÇ║ tests\e2e\teams\teams.athletes.spec.ts:136:7 ÔÇ║ Athletes - Criar Registration via API ÔÇ║ endpoint POST /team-registrations deve existir (22ms)
  Ô£ô   28 [chromium] ÔÇ║ tests\e2e\teams\teams.athletes.spec.ts:152:7 ÔÇ║ Athletes - Criar Registration via API ÔÇ║ criar registration com dados inv├ílidos deve retornar erro (70ms)
  Ô£ô   29 [chromium] ÔÇ║ tests\e2e\teams\teams.athletes.spec.ts:190:7 ÔÇ║ Athletes - Encerrar Registration via API ÔÇ║ endpoint PATCH /teams/{id}/registrations/{id} deve existir (81ms)
Se├º├úo de atletas vis├¡vel: true
  Ô£ô   30 [chromium] ÔÇ║ tests\e2e\teams\teams.athletes.spec.ts:225:7 ÔÇ║ Athletes - Visualiza├º├úo na UI ÔÇ║ aba members deve ter se├º├úo de atletas (1.3s)
Bot├úo adicionar atleta vis├¡vel: true
  Ô£ô   31 [chromium] ÔÇ║ tests\e2e\teams\teams.athletes.spec.ts:236:7 ÔÇ║ Athletes - Visualiza├º├úo na UI ÔÇ║ bot├úo adicionar atleta pode existir (1.0s)
N├║mero de atletas listados: 0
  Ô£ô   32 [chromium] ÔÇ║ tests\e2e\teams\teams.athletes.spec.ts:245:7 ÔÇ║ Athletes - Visualiza├º├úo na UI ÔÇ║ lista de atletas deve estar vazia para equipe nova (1.4s)
  Ô£ô   33 [chromium] ÔÇ║ tests\e2e\teams\teams.athletes.spec.ts:286:7 ÔÇ║ Athletes - Permiss├Áes ÔÇ║ admin deve poder ver lista de atletas (1.8s)
  Ô£ô   34 [chromium] ÔÇ║ tests\e2e\teams\teams.athletes.spec.ts:294:7 ÔÇ║ Athletes - Permiss├Áes ÔÇ║ admin deve poder acessar a├º├úo de vincular atleta se dispon├¡vel (1.6s)
  Ô£ô   35 [chromium] ÔÇ║ tests\e2e\teams\teams.athletes.spec.ts:315:7 ÔÇ║ Athletes - Contrato de Dados ÔÇ║ registration deve ter campos obrigat├│rios (430ms)
Campos de pagina├º├úo: items, page, limit, total
  Ô£ô   36 [chromium] ÔÇ║ tests\e2e\teams\teams.athletes.spec.ts:340:7 ÔÇ║ Athletes - Contrato de Dados ÔÇ║ pagina├º├úo deve funcionar se implementada (1.6s)
  Ô£ô   37 [chromium] ÔÇ║ tests\e2e\teams\teams.auth.spec.ts:48:7 ÔÇ║ Teams - Auth (Sem autentica├º├úo) ÔÇ║ Leia todas as linhas de "MANUAL_TESTES_E2E.md", "REGRAS_TESTES.md" e "teams-CONTRACT.md" em: Hb Track - Fronted\tests\e2e\teamdebug p/ solucionar: deve redirecionar /teams para /signin (1.2s)
  Ô£ô   38 [chromium] ÔÇ║ tests\e2e\teams\teams.auth.spec.ts:57:7 ÔÇ║ Teams - Auth (Sem autentica├º├úo) ÔÇ║ Leia todas as linhas de "MANUAL_TESTES_E2E.md", "REGRAS_TESTES.md" e "teams-CONTRACT.md" em: Hb Track - Fronted\tests\e2e\teamdebug p/ solucionar: deve incluir callbackUrl no redirect (853ms)
  Ô£ô   39 [chromium] ÔÇ║ tests\e2e\teams\teams.auth.spec.ts:66:7 ÔÇ║ Teams - Auth (Sem autentica├º├úo) ÔÇ║ Leia todas as linhas de "MANUAL_TESTES_E2E.md", "REGRAS_TESTES.md" e "teams-CONTRACT.md" em: Hb Track - Fronted\tests\e2e\teamdebug p/ solucionar: deve redirecionar /teams/[teamId] para /signin (778ms)
  Ô£ô   40 [chromium] ÔÇ║ tests\e2e\teams\teams.auth.spec.ts:100:7 ÔÇ║ Teams - Auth (Admin/Superadmin) ÔÇ║ Leia todas as linhas de "MANUAL_TESTES_E2E.md", "REGRAS_TESTES.md" e "teams-CONTRACT.md" em: Hb Track - Fronted\tests\e2e\teamdebug p/ solucionar: admin deve acessar /teams com sucesso (2.6s)
  Ô£ô   41 [chromium] ÔÇ║ tests\e2e\teams\teams.auth.spec.ts:110:7 ÔÇ║ Teams - Auth (Admin/Superadmin) ÔÇ║ Leia todas as linhas de "MANUAL_TESTES_E2E.md", "REGRAS_TESTES.md" e "teams-CONTRACT.md" em: Hb Track - Fronted\tests\e2e\teamdebug p/ solucionar: admin deve ver bot├úo de criar equipe (2.4s)
  Ô£ô   42 [chromium] ÔÇ║ tests\e2e\teams\teams.auth.spec.ts:118:7 ÔÇ║ Teams - Auth (Admin/Superadmin) ÔÇ║ Leia todas as linhas de "MANUAL_TESTES_E2E.md", "REGRAS_TESTES.md" e "teams-CONTRACT.md" em: Hb Track - Fronted\tests\e2e\teamdebug p/ solucionar: admin deve acessar overview da equipe (1.1s)
  Ô£ô   43 [chromium] ÔÇ║ tests\e2e\teams\teams.auth.spec.ts:127:7 ÔÇ║ Teams - Auth (Admin/Superadmin) ÔÇ║ Leia todas as linhas de "MANUAL_TESTES_E2E.md", "REGRAS_TESTES.md" e "teams-CONTRACT.md" em: Hb Track - Fronted\tests\e2e\teamdebug p/ solucionar: admin deve acessar members da equipe (1.1s)
  Ô£ô   44 [chromium] ÔÇ║ tests\e2e\teams\teams.auth.spec.ts:136:7 ÔÇ║ Teams - Auth (Admin/Superadmin) ÔÇ║ Leia todas as linhas de "MANUAL_TESTES_E2E.md", "REGRAS_TESTES.md" e "teams-CONTRACT.md" em: Hb Track - Fronted\tests\e2e\teamdebug p/ solucionar: admin deve ter cookie hb_access_token (2.1s)
  Ô£ô   45 [chromium] ÔÇ║ tests\e2e\teams\teams.auth.spec.ts:155:7 ÔÇ║ Teams - Auth (Dirigente) ÔÇ║ Leia todas as linhas de "MANUAL_TESTES_E2E.md", "REGRAS_TESTES.md" e "teams-CONTRACT.md" em: Hb Track - Fronted\tests\e2e\teamdebug p/ solucionar: dirigente deve acessar /teams com sucesso (2.0s)
  Ô£ô   46 [chromium] ÔÇ║ tests\e2e\teams\teams.auth.spec.ts:165:7 ÔÇ║ Teams - Auth (Dirigente) ÔÇ║ Leia todas as linhas de "MANUAL_TESTES_E2E.md", "REGRAS_TESTES.md" e "teams-CONTRACT.md" em: Hb Track - Fronted\tests\e2e\teamdebug p/ solucionar: dirigente deve ver lista de equipes (1.8s)
  Ô£ô   47 [chromium] ÔÇ║ tests\e2e\teams\teams.auth.spec.ts:174:7 ÔÇ║ Teams - Auth (Dirigente) ÔÇ║ Leia todas as linhas de "MANUAL_TESTES_E2E.md", "REGRAS_TESTES.md" e "teams-CONTRACT.md" em: Hb Track - Fronted\tests\e2e\teamdebug p/ solucionar: dirigente deve ver bot├úo de criar equipe (2.1s)
  Ô£ô   48 [chromium] ÔÇ║ tests\e2e\teams\teams.auth.spec.ts:184:7 ÔÇ║ Teams - Auth (Dirigente) ÔÇ║ Leia todas as linhas de "MANUAL_TESTES_E2E.md", "REGRAS_TESTES.md" e "teams-CONTRACT.md" em: Hb Track - Fronted\tests\e2e\teamdebug p/ solucionar: dirigente deve ter cookie de autentica├º├úo (2.2s)
  Ô£ô   49 [chromium] ÔÇ║ tests\e2e\teams\teams.auth.spec.ts:202:7 ÔÇ║ Teams - Auth (Coordenador) ÔÇ║ Leia todas as linhas de "MANUAL_TESTES_E2E.md", "REGRAS_TESTES.md" e "teams-CONTRACT.md" em: Hb Track - Fronted\tests\e2e\teamdebug p/ solucionar: coordenador deve acessar /teams com sucesso (1.6s)
  Ô£ô   50 [chromium] ÔÇ║ tests\e2e\teams\teams.auth.spec.ts:212:7 ÔÇ║ Teams - Auth (Coordenador) ÔÇ║ Leia todas as linhas de "MANUAL_TESTES_E2E.md", "REGRAS_TESTES.md" e "teams-CONTRACT.md" em: Hb Track - Fronted\tests\e2e\teamdebug p/ solucionar: coordenador deve ver lista de equipes (2.1s)
  Ô£ô   51 [chromium] ÔÇ║ tests\e2e\teams\teams.auth.spec.ts:221:7 ÔÇ║ Teams - Auth (Coordenador) ÔÇ║ Leia todas as linhas de "MANUAL_TESTES_E2E.md", "REGRAS_TESTES.md" e "teams-CONTRACT.md" em: Hb Track - Fronted\tests\e2e\teamdebug p/ solucionar: coordenador DEVE ver bot├úo de criar equipe (2.4s)
  Ô£ô   52 [chromium] ÔÇ║ tests\e2e\teams\teams.auth.spec.ts:231:7 ÔÇ║ Teams - Auth (Coordenador) ÔÇ║ Leia todas as linhas de "MANUAL_TESTES_E2E.md", "REGRAS_TESTES.md" e "teams-CONTRACT.md" em: Hb Track - Fronted\tests\e2e\teamdebug p/ solucionar: coordenador deve ter cookie de autentica├º├úo (2.3s)
  Ô£ô   53 [chromium] ÔÇ║ tests\e2e\teams\teams.auth.spec.ts:249:7 ÔÇ║ Teams - Auth (Treinador) ÔÇ║ Leia todas as linhas de "MANUAL_TESTES_E2E.md", "REGRAS_TESTES.md" e "teams-CONTRACT.md" em: Hb Track - Fronted\tests\e2e\teamdebug p/ solucionar: treinador deve conseguir autenticar (31.8s)
  Ô£ô   54 [chromium] ÔÇ║ tests\e2e\teams\teams.auth.spec.ts:260:7 ÔÇ║ Teams - Auth (Treinador) ÔÇ║ Leia todas as linhas de "MANUAL_TESTES_E2E.md", "REGRAS_TESTES.md" e "teams-CONTRACT.md" em: Hb Track - Fronted\tests\e2e\teamdebug p/ solucionar: treinador deve ter acesso a /teams (1.7s)
  Ô£ô   55 [chromium] ÔÇ║ tests\e2e\teams\teams.auth.spec.ts:270:7 ÔÇ║ Teams - Auth (Treinador) ÔÇ║ Leia todas as linhas de "MANUAL_TESTES_E2E.md", "REGRAS_TESTES.md" e "teams-CONTRACT.md" em: Hb Track - Fronted\tests\e2e\teamdebug p/ solucionar: treinador DEVE ver bot├úo criar equipe (2.0s)
  Ô£ô   56 [chromium] ÔÇ║ tests\e2e\teams\teams.auth.spec.ts:287:7 ÔÇ║ Teams - Auth (Atleta) ÔÇ║ Leia todas as linhas de "MANUAL_TESTES_E2E.md", "REGRAS_TESTES.md" e "teams-CONTRACT.md" em: Hb Track - Fronted\tests\e2e\teamdebug p/ solucionar: atleta deve conseguir autenticar (31.6s)
  Ô£ô   57 [chromium] ÔÇ║ tests\e2e\teams\teams.auth.spec.ts:298:7 ÔÇ║ Teams - Auth (Atleta) ÔÇ║ Leia todas as linhas de "MANUAL_TESTES_E2E.md", "REGRAS_TESTES.md" e "teams-CONTRACT.md" em: Hb Track - Fronted\tests\e2e\teamdebug p/ solucionar: atleta deve ter acesso restrito a /teams (2.2s)
  Ô£ÿ   58 [chromium] ÔÇ║ tests\e2e\teams\teams.auth.spec.ts:310:7 ÔÇ║ Teams - Auth (Atleta) ÔÇ║ Leia todas as linhas de "MANUAL_TESTES_E2E.md", "REGRAS_TESTES.md" e "teams-CONTRACT.md" em: Hb Track - Fronted\tests\e2e\teamdebug p/ solucionar: atleta N├âO deve ver bot├úo criar equipe (17.1s)
[dotenv@17.2.3] injecting env (0) from .env.test -- tip: ÔÜÖ´©Å  specify custom .env file path with { path: '/custom/path/.env' }
[dotenv@17.2.3] injecting env (0) from .env.local -- tip: ÔÜÖ´©Å  specify custom .env file path with { path: '/custom/path/.env' }
  Ô£ô   59 [chromium] ÔÇ║ tests\e2e\teams\teams.auth.spec.ts:322:7 ÔÇ║ Teams - Auth (Atleta) ÔÇ║ Leia todas as linhas de "MANUAL_TESTES_E2E.md", "REGRAS_TESTES.md" e "teams-CONTRACT.md" em: Hb Track - Fronted\tests\e2e\teamdebug p/ solucionar: atleta deve ter cookie de autentica├º├úo (31.8s)
  Ô£ô   60 [chromium] ÔÇ║ tests\e2e\teams\teams.auth.spec.ts:340:7 ÔÇ║ Teams - Auth (Cookies) ÔÇ║ Leia todas as linhas de "MANUAL_TESTES_E2E.md", "REGRAS_TESTES.md" e "teams-CONTRACT.md" em: Hb Track - Fronted\tests\e2e\teamdebug p/ solucionar: cookie hb_access_token deve ter dom├¡nio localhost (2.3s)
  Ô£ô   61 [chromium] ÔÇ║ tests\e2e\teams\teams.auth.spec.ts:351:7 ÔÇ║ Teams - Auth (Cookies) ÔÇ║ Leia todas as linhas de "MANUAL_TESTES_E2E.md", "REGRAS_TESTES.md" e "teams-CONTRACT.md" em: Hb Track - Fronted\tests\e2e\teamdebug p/ solucionar: sess├úo deve persistir ap├│s reload (2.7s)
  Ô£ô   62 [chromium] ÔÇ║ tests\e2e\teams\teams.auth.spec.ts:362:7 ÔÇ║ Teams - Auth (Cookies) ÔÇ║ Leia todas as linhas de "MANUAL_TESTES_E2E.md", "REGRAS_TESTES.md" e "teams-CONTRACT.md" em: Hb Track - Fronted\tests\e2e\teamdebug p/ solucionar: sess├úo deve persistir durante navega├º├úo (33.4s)
  Ô£ô   63 [chromium] ÔÇ║ tests\e2e\teams\teams.contract.spec.ts:65:7 ÔÇ║ Contrato: 401 - Sem Autentica├º├úo ÔÇ║ /teams ÔåÆ /signin?callbackUrl=/teams (809ms)
  Ô£ô   64 [chromium] ÔÇ║ tests\e2e\teams\teams.contract.spec.ts:74:7 ÔÇ║ Contrato: 401 - Sem Autentica├º├úo ÔÇ║ /teams/:id/overview ÔåÆ /signin?callbackUrl preserva path (971ms)
  Ô£ô   65 [chromium] ÔÇ║ tests\e2e\teams\teams.contract.spec.ts:83:7 ÔÇ║ Contrato: 401 - Sem Autentica├º├úo ÔÇ║ /teams/:id/members ÔåÆ /signin?callbackUrl preserva path (767ms)
  Ô£ô   66 [chromium] ÔÇ║ tests\e2e\teams\teams.contract.spec.ts:105:7 ÔÇ║ Contrato: Redirects Can├┤nicos ÔÇ║ /teams/:id ÔåÆ /teams/:id/overview (sem tab) (5.4s)
  Ô£ô   67 [chromium] ÔÇ║ tests\e2e\teams\teams.contract.spec.ts:112:7 ÔÇ║ Contrato: Redirects Can├┤nicos ÔÇ║ /teams/:id/invalid-tab ÔåÆ /teams/:id/overview (tab inv├ílida) (2.5s)
  Ô£ô   68 [chromium] ÔÇ║ tests\e2e\teams\teams.contract.spec.ts:119:7 ÔÇ║ Contrato: Redirects Can├┤nicos ÔÇ║ /teams/:id/OVERVIEW ÔåÆ /teams/:id/overview (case insensitive) (1.1s)
  Ô£ô   69 [chromium] ÔÇ║ tests\e2e\teams\teams.contract.spec.ts:152:7 ÔÇ║ Contrato: 404 - N├úo Encontrado ÔÇ║ UUID inv├ílido (n├úo ├® UUID) ÔåÆ 404 (2.9s)
  Ô£ô   70 [chromium] ÔÇ║ tests\e2e\teams\teams.contract.spec.ts:158:7 ÔÇ║ Contrato: 404 - N├úo Encontrado ÔÇ║ UUID v├ílido mas inexistente ÔåÆ 404 (935ms)
  Ô£ô   71 [chromium] ÔÇ║ tests\e2e\teams\teams.contract.spec.ts:164:7 ÔÇ║ Contrato: 404 - N├úo Encontrado ÔÇ║ Team deletado (soft delete) ÔåÆ 404 (1.1s)
  Ô£ô   72 [chromium] ÔÇ║ tests\e2e\teams\teams.contract.spec.ts:183:7 ÔÇ║ Contrato: P├íginas carregam com root testid ÔÇ║ /teams ÔåÆ teams-dashboard vis├¡vel (2.2s)
  Ô£ô   73 [chromium] ÔÇ║ tests\e2e\teams\teams.contract.spec.ts:191:7 ÔÇ║ Contrato: P├íginas carregam com root testid ÔÇ║ /teams/:id/overview ÔåÆ team-overview-tab vis├¡vel (1.1s)
  Ô£ô   74 [chromium] ÔÇ║ tests\e2e\teams\teams.contract.spec.ts:199:7 ÔÇ║ Contrato: P├íginas carregam com root testid ÔÇ║ /teams/:id/members ÔåÆ team-members-tab vis├¡vel (1.1s)
  Ô£ô   75 [chromium] ÔÇ║ tests\e2e\teams\teams.contract.spec.ts:208:7 ÔÇ║ Contrato: P├íginas carregam com root testid ÔÇ║ /teams/:id/settings ÔåÆ teams-settings-root vis├¡vel (2.4s)
  Ô£ô   76 [chromium] ÔÇ║ tests\e2e\teams\teams.contract.spec.ts:227:7 ÔÇ║ Contrato: Marcadores est├íveis por p├ígina ÔÇ║ /teams tem bot├úo criar equipe (2.1s)
  Ô£ô   77 [chromium] ÔÇ║ tests\e2e\teams\teams.contract.spec.ts:234:7 ÔÇ║ Contrato: Marcadores est├íveis por p├ígina ÔÇ║ /teams/:id/members tem bot├úo convidar (1.0s)
Estado do loading: Carregando equipe...
  Ô£ô   78 [chromium] ÔÇ║ tests\e2e\teams\teams.contract.spec.ts:241:7 ÔÇ║ Contrato: Marcadores est├íveis por p├ígina ÔÇ║ /teams/:id/settings tem input de nome (2.2s)
  Ô£ô   79 [chromium] ÔÇ║ tests\e2e\teams\teams.crud.spec.ts:95:9 ÔÇ║ Teams - CRUD (Create) ÔÇ║ Cria├º├úo via UI ÔÇ║ Leia todas as linhas de "MANUAL_TESTES_E2E.md", "REGRAS_TESTES.md" e "teams-CONTRACT.md" em: Hb Track - Fronted\tests\e2e\teamdebug p/ solucionar: deve abrir modal de cria├º├úo ao clicar no bot├úo (2.2s)
  Ô£ô   80 [chromium] ÔÇ║ tests\e2e\teams\teams.crud.spec.ts:104:9 ÔÇ║ Teams - CRUD (Create) ÔÇ║ Cria├º├úo via UI ÔÇ║ Leia tests_log p/ solucionar -> deve criar equipe com dados v├ílidos (4.8s)
  Ô£ô   81 [chromium] ÔÇ║ tests\e2e\teams\teams.crud.spec.ts:136:9 ÔÇ║ Teams - CRUD (Create) ÔÇ║ Cria├º├úo via UI ÔÇ║ Leia tests_log p/ solucionar -> deve mostrar erro para nome muito curto (< 3 caracteres) (2.6s)
  Ô£ô   82 [chromium] ÔÇ║ tests\e2e\teams\teams.crud.spec.ts:156:9 ÔÇ║ Teams - CRUD (Create) ÔÇ║ Cria├º├úo via UI ÔÇ║ Leia tests_log p/ solucionar -> deve mostrar erro para campos obrigat├│rios vazios (2.6s)
  Ô£ô   83 [chromium] ÔÇ║ tests\e2e\teams\teams.crud.spec.ts:168:9 ÔÇ║ Teams - CRUD (Create) ÔÇ║ Cria├º├úo via UI ÔÇ║ Leia tests_log p/ solucionar -> deve fechar modal ao clicar em cancelar (2.5s)
  Ô£ô   84 [chromium] ÔÇ║ tests\e2e\teams\teams.crud.spec.ts:182:9 ÔÇ║ Teams - CRUD (Create) ÔÇ║ Cria├º├úo via API ÔÇ║ Leia todos os  p/ solucionar -> deve criar equipe via API e verificar na lista (2.9s)
  Ô£ô   85 [chromium] ÔÇ║ tests\e2e\teams\teams.crud.spec.ts:232:9 ÔÇ║ Teams - CRUD (Read) ÔÇ║ Lista de equipes ÔÇ║ Leia todas as linhas de "MANUAL_TESTES_E2E.md", "REGRAS_TESTES.md" e "teams-CONTRACT.md" em: deve exibir lista de equipes (2.2s)
  Ô£ô   86 [chromium] ÔÇ║ tests\e2e\teams\teams.crud.spec.ts:240:9 ÔÇ║ Teams - CRUD (Read) ÔÇ║ Lista de equipes ÔÇ║ Leia todas as linhas de "MANUAL_TESTES_E2E.md", "REGRAS_TESTES.md" e "teams-CONTRACT.md" em: deve exibir card da equipe criada (2.1s)
  Ô£ô   87 [chromium] ÔÇ║ tests\e2e\teams\teams.crud.spec.ts:248:9 ÔÇ║ Teams - CRUD (Read) ÔÇ║ Lista de equipes ÔÇ║ Leia todas as linhas de "MANUAL_TESTES_E2E.md", "REGRAS_TESTES.md" e "teams-CONTRACT.md" em: deve mostrar nome da equipe no card (2.1s)
  Ô£ô   88 [chromium] ÔÇ║ tests\e2e\teams\teams.crud.spec.ts:256:9 ÔÇ║ Teams - CRUD (Read) ÔÇ║ Lista de equipes ÔÇ║ Leia todas as linhas de "MANUAL_TESTES_E2E.md", "REGRAS_TESTES.md" e "teams-CONTRACT.md" em: deve navegar para detalhe ao clicar no bot├úo Ver equipe (2.3s)
  Ô£ô   89 [chromium] ÔÇ║ tests\e2e\teams\teams.crud.spec.ts:275:9 ÔÇ║ Teams - CRUD (Read) ÔÇ║ Detalhe da equipe ÔÇ║ Leia todas as linhas de "MANUAL_TESTES_E2E.md", "REGRAS_TESTES.md" e "teams-CONTRACT.md" em: deve exibir overview da equipe (1.4s)
  Ô£ô   90 [chromium] ÔÇ║ tests\e2e\teams\teams.crud.spec.ts:282:9 ÔÇ║ Teams - CRUD (Read) ÔÇ║ Detalhe da equipe ÔÇ║ Leia todas as linhas de "MANUAL_TESTES_E2E.md", "REGRAS_TESTES.md" e "teams-CONTRACT.md" em: deve exibir nome da equipe no detalhe (3.8s)
  Ô£ô   91 [chromium] ÔÇ║ tests\e2e\teams\teams.crud.spec.ts:289:9 ÔÇ║ Teams - CRUD (Read) ÔÇ║ Detalhe da equipe ÔÇ║ Leia todas as linhas de "MANUAL_TESTES_E2E.md", "REGRAS_TESTES.md" e "teams-CONTRACT.md" em: deve carregar dados via SSR (sem loading spinner prolongado) (2.7s)
  Ô£ô   92 [chromium] ÔÇ║ tests\e2e\teams\teams.crud.spec.ts:334:7 ÔÇ║ Teams - CRUD (Update) ÔÇ║ Leia todas as linhas de "MANUAL_TESTES_E2E.md", "REGRAS_TESTES.md" e "teams-CONTRACT.md" em: deve atualizar nome da equipe via UI (3.0s)
  Ô£ô   93 [chromium] ÔÇ║ tests\e2e\teams\teams.crud.spec.ts:356:7 ÔÇ║ Teams - CRUD (Update) ÔÇ║ Leia todas as linhas de "MANUAL_TESTES_E2E.md", "REGRAS_TESTES.md" e "teams-CONTRACT.md" em: deve persistir altera├º├Áes ap├│s reload (3.1s)
  Ô£ô   94 [chromium] ÔÇ║ tests\e2e\teams\teams.crud.spec.ts:374:7 ÔÇ║ Teams - CRUD (Update) ÔÇ║ Leia todas as linhas de "MANUAL_TESTES_E2E.md", "REGRAS_TESTES.md" e "teams-CONTRACT.md" em: deve mostrar erro ao tentar salvar nome inv├ílido (2.4s)
  Ô£ô   95 [chromium] ÔÇ║ tests\e2e\teams\teams.crud.spec.ts:403:7 ÔÇ║ Teams - CRUD (Delete) ÔÇ║ Leia todas as linhas de "MANUAL_TESTES_E2E.md", "REGRAS_TESTES.md" e "teams-CONTRACT.md" em: deve ver bot├úo de deletar equipe como owner (3.0s)
  Ô£ô   96 [chromium] ÔÇ║ tests\e2e\teams\teams.crud.spec.ts:426:7 ÔÇ║ Teams - CRUD (Delete) ÔÇ║ Leia todas as linhas de "MANUAL_TESTES_E2E.md", "REGRAS_TESTES.md" e "teams-CONTRACT.md" em: deve deletar equipe via UI (6.7s)
  Ô£ô   97 [chromium] ÔÇ║ tests\e2e\teams\teams.crud.spec.ts:467:7 ÔÇ║ Teams - CRUD (Delete) ÔÇ║ Leia todas as linhas de "MANUAL_TESTES_E2E.md", "REGRAS_TESTES.md" e "teams-CONTRACT.md" em: deve pedir confirma├º├úo antes de deletar (5.8s)
  Ô£ô   98 [chromium] ÔÇ║ tests\e2e\teams\teams.crud.spec.ts:498:7 ÔÇ║ Teams - CRUD (Delete) ÔÇ║ Leia todas as linhas de "MANUAL_TESTES_E2E.md", "REGRAS_TESTES.md" e "teams-CONTRACT.md" em: deve ser soft delete (deleted_at preenchido) (1.1s)
  Ô£ô   99 [chromium] ÔÇ║ tests\e2e\teams\teams.crud.spec.ts:547:9 ÔÇ║ Teams - CRUD (Members) ÔÇ║ Convite de membros ÔÇ║ Leia todas as linhas de "MANUAL_TESTES_E2E.md", "REGRAS_TESTES.md" e "teams-CONTRACT.md" em: deve abrir modal de convite (1.2s)
  Ô£ô  100 [chromium] ÔÇ║ tests\e2e\teams\teams.crud.spec.ts:556:9 ÔÇ║ Teams - CRUD (Members) ÔÇ║ Convite de membros ÔÇ║ Leia todas as linhas de "MANUAL_TESTES_E2E.md", "REGRAS_TESTES.md" e "teams-CONTRACT.md" em: deve validar formato de email (1.3s)
  Ô£ô  101 [chromium] ÔÇ║ tests\e2e\teams\teams.crud.spec.ts:570:9 ÔÇ║ Teams - CRUD (Members) ÔÇ║ Convite de membros ÔÇ║ Leia todas as linhas de "MANUAL_TESTES_E2E.md", "REGRAS_TESTES.md" e "teams-CONTRACT.md" em: deve convidar membro com email v├ílido (4.4s)
  Ô£ÿ  102 [chromium] ÔÇ║ tests\e2e\teams\teams.crud.spec.ts:600:9 ÔÇ║ Teams - CRUD (Members) ÔÇ║ Convite de membros ÔÇ║ Leia todas as linhas de "MANUAL_TESTES_E2E.md", "REGRAS_TESTES.md" e "teams-CONTRACT.md" em: deve mostrar convite pendente na lista (746ms)
[dotenv@17.2.3] injecting env (0) from .env.test -- tip: ÔÜÖ´©Å  specify custom .env file path with { path: '/custom/path/.env' }
[dotenv@17.2.3] injecting env (0) from .env.local -- tip: ÔÜÖ´©Å  write to custom object with { processEnv: myObject }
  Ô£ô  103 [chromium] ÔÇ║ tests\e2e\teams\teams.invites.spec.ts:70:7 ÔÇ║ Teams - Invites API (Sprint 1) ÔÇ║ Leia todas as linhas de "MANUAL_TESTES_E2E.md", "REGRAS_TESTES.md" e "teams-CONTRACT.md" em: Hb Track - Fronted\tests\e2e\teamdebug p/ solucionar: deve criar convite com sucesso via API (856ms)
  Ô£ô  104 [chromium] ÔÇ║ tests\e2e\teams\teams.invites.spec.ts:80:7 ÔÇ║ Teams - Invites API (Sprint 1) ÔÇ║ Leia tests_log p/ solucionar -> deve listar convites pendentes via API (896ms)
  Ô£ô  105 [chromium] ÔÇ║ tests\e2e\teams\teams.invites.spec.ts:99:7 ÔÇ║ Teams - Invites API (Sprint 1) ÔÇ║ Leia tests_log p/ solucionar -> deve retornar INVITE_EXISTS ao tentar convidar email duplicado (796ms)
  Ô£ô  106 [chromium] ÔÇ║ tests\e2e\teams\teams.invites.spec.ts:112:7 ÔÇ║ Teams - Invites API (Sprint 1) ÔÇ║ Leia tests_log p/ solucionar -> deve cancelar convite via API (4.4s)
  Ô£ô  107 [chromium] ÔÇ║ tests\e2e\teams\teams.invites.spec.ts:134:7 ÔÇ║ Teams - Invites API (Sprint 1) ÔÇ║ Leia tests_log p/ solucionar -> deve reenviar convite via API (2.1s)
  Ô£ô  108 [chromium] ÔÇ║ tests\e2e\teams\teams.invites.spec.ts:161:7 ÔÇ║ Teams - Invites API (Sprint 1) ÔÇ║ Leia tests_log p/ solucionar -> deve retornar INVITE_NOT_FOUND ao reenviar convite inexistente (71ms)
  Ô£ô  109 [chromium] ÔÇ║ tests\e2e\teams\teams.invites.spec.ts:169:7 ÔÇ║ Teams - Invites API (Sprint 1) ÔÇ║ Leia tests_log p/ solucionar -> deve retornar INVITE_NOT_FOUND ao cancelar convite inexistente (58ms)
  Ô£ô  110 [chromium] ÔÇ║ tests\e2e\teams\teams.invites.spec.ts:199:7 ÔÇ║ Teams - Invites UI ÔÇ║ Leia tests_log p/ solucionar -> deve exibir bot├úo de convidar membro na aba members (1.3s)
  Ô£ô  111 [chromium] ÔÇ║ tests\e2e\teams\teams.invites.spec.ts:207:7 ÔÇ║ Teams - Invites UI ÔÇ║ Leia tests_log p/ solucionar -> deve abrir modal de convite ao clicar no bot├úo (1.2s)
  Ô£ÿ  112 [chromium] ÔÇ║ tests\e2e\teams\teams.invites.spec.ts:217:7 ÔÇ║ Teams - Invites UI ÔÇ║ Leia tests_log p/ solucionar -> deve mostrar convites pendentes na lista de membros (18.0s)
[dotenv@17.2.3] injecting env (0) from .env.test -- tip: ÔÜÖ´©Å  write to custom object with { processEnv: myObject }
[dotenv@17.2.3] injecting env (0) from .env.local -- tip: ­ƒöÉ prevent committing .env to code: https://dotenvx.com/precommit
  Ô£ÿ  113 [chromium] ÔÇ║ tests\e2e\teams\teams.invites.spec.ts:234:7 ÔÇ║ Teams - Invites UI ÔÇ║ Leia tests_log p/ solucionar -> deve exibir status "Aguardando cadastro" para convites pendentes (19.8s)
[dotenv@17.2.3] injecting env (0) from .env.test -- tip: ÔÜÖ´©Å  load multiple .env files with { path: ['.env.local', '.env'] }
[dotenv@17.2.3] injecting env (0) from .env.local -- tip: ­ƒöæ add access controls to secrets: https://dotenvx.com/ops
  Ô£ÿ  114 [chromium] ÔÇ║ tests\e2e\teams\teams.invites.spec.ts:245:7 ÔÇ║ Teams - Invites UI ÔÇ║ Leia tests_log p/ solucionar -> deve exibir "Expira em Xh" para convites v├ílidos (18.0s)
[dotenv@17.2.3] injecting env (0) from .env.test -- tip: Ô£à audit secrets and track compliance: https://dotenvx.com/ops
[dotenv@17.2.3] injecting env (0) from .env.local -- tip: ­ƒøá´©Å  run anywhere with `dotenvx run -- yourcommand`
  Ô£ÿ  115 [chromium] ÔÇ║ tests\e2e\teams\teams.invites.spec.ts:257:7 ÔÇ║ Teams - Invites UI ÔÇ║ Leia tests_log p/ solucionar -> deve ter bot├Áes Reenviar e Cancelar para convites pendentes (15.7s)
[dotenv@17.2.3] injecting env (0) from .env.test -- tip: ÔÜÖ´©Å  enable debug logging with { debug: true }
[dotenv@17.2.3] injecting env (0) from .env.local -- tip: ­ƒùé´©Å backup and recover secrets: https://dotenvx.com/ops
  Ô£ô  116 [chromium] ÔÇ║ tests\e2e\teams\teams.invites.spec.ts:283:7 ÔÇ║ Teams - Welcome Flow (Sprint 2) ÔÇ║ Leia tests_log p/ solucionar -> deve redirecionar /welcome sem token para login (3.3s)
  Ô£ô  117 [chromium] ÔÇ║ tests\e2e\teams\teams.invites.spec.ts:295:7 ÔÇ║ Teams - Welcome Flow (Sprint 2) ÔÇ║ Leia tests_log p/ solucionar -> deve mostrar erro para token inv├ílido (955ms)
  Ô£ô  118 [chromium] ÔÇ║ tests\e2e\teams\teams.invites.spec.ts:304:7 ÔÇ║ Teams - Welcome Flow (Sprint 2) ÔÇ║ Leia tests_log p/ solucionar -> deve verificar token inv├ílido via API (354ms)
  Ô£ô  119 [chromium] ÔÇ║ tests\e2e\teams\teams.invites.spec.ts:334:7 ÔÇ║ Teams - Invites RBAC ÔÇ║ Leia tests_log p/ solucionar -> usu├írio autenticado deve poder ver lista de convites (1.2s)
  Ô£ô  120 [chromium] ÔÇ║ tests\e2e\teams\teams.invites.spec.ts:368:7 ÔÇ║ Teams - Invites Edge Cases (Sprint 3) ÔÇ║ Leia tests_log p/ solucionar -> deve retornar TEAM_NOT_FOUND para equipe inexistente (69ms)
  Ô£ô  121 [chromium] ÔÇ║ tests\e2e\teams\teams.invites.spec.ts:377:7 ÔÇ║ Teams - Invites Edge Cases (Sprint 3) ÔÇ║ Leia tests_log p/ solucionar -> deve validar formato de email (79ms)
  Ô£ô  122 [chromium] ÔÇ║ tests\e2e\teams\teams.invites.spec.ts:389:7 ÔÇ║ Teams - Invites Edge Cases (Sprint 3) ÔÇ║ Leia tests_log p/ solucionar -> idempot├¬ncia: reenviar n├úo deve criar token duplicado se v├ílido (2.5s)
  Ô£ÿ  123 [chromium] ÔÇ║ tests\e2e\teams\teams.members.spec.ts:68:7 ÔÇ║ Teams Members - Visualiza├º├úo de Se├º├Áes ÔÇ║ deve exibir aba members com se├º├Áes separadas (16.6s)
[dotenv@17.2.3] injecting env (0) from .env.test -- tip: ÔÜÖ´©Å  enable debug logging with { debug: true }
[dotenv@17.2.3] injecting env (0) from .env.local -- tip: Ô£à audit secrets and track compliance: https://dotenvx.com/ops
  Ô£ÿ  124 [chromium] ÔÇ║ tests\e2e\teams\teams.members.spec.ts:79:7 ÔÇ║ Teams Members - Visualiza├º├úo de Se├º├Áes ÔÇ║ deve mostrar se├º├úo de staff (comiss├úo t├®cnica) (16.9s)
[dotenv@17.2.3] injecting env (0) from .env.test -- tip: ­ƒæÑ sync secrets across teammates & machines: https://dotenvx.com/ops
[dotenv@17.2.3] injecting env (0) from .env.local -- tip: ­ƒöÉ encrypt with Dotenvx: https://dotenvx.com
  Ô£ÿ  125 [chromium] ÔÇ║ tests\e2e\teams\teams.members.spec.ts:97:7 ÔÇ║ Teams Members - Visualiza├º├úo de Se├º├Áes ÔÇ║ deve mostrar se├º├úo de atletas (16.5s)
[dotenv@17.2.3] injecting env (0) from .env.test -- tip: ­ƒùé´©Å backup and recover secrets: https://dotenvx.com/ops
[dotenv@17.2.3] injecting env (0) from .env.local -- tip: ­ƒùé´©Å backup and recover secrets: https://dotenvx.com/ops
  Ô£ÿ  126 [chromium] ÔÇ║ tests\e2e\teams\teams.members.spec.ts:115:7 ÔÇ║ Teams Members - Visualiza├º├úo de Se├º├Áes ÔÇ║ deve mostrar se├º├úo de convites pendentes se houver (16.5s)
[dotenv@17.2.3] injecting env (0) from .env.test -- tip: ÔÜÖ´©Å  suppress all logs with { quiet: true }
[dotenv@17.2.3] injecting env (0) from .env.local -- tip: ÔÜÖ´©Å  override existing env vars with { override: true }
  Ô£ÿ  127 [chromium] ÔÇ║ tests\e2e\teams\teams.members.spec.ts:141:7 ÔÇ║ Teams Members - Staff (Comiss├úo T├®cnica) ÔÇ║ deve listar treinador no staff (seed) (16.3s)
[dotenv@17.2.3] injecting env (0) from .env.test -- tip: ÔÜÖ´©Å  write to custom object with { processEnv: myObject }
[dotenv@17.2.3] injecting env (0) from .env.local -- tip: ­ƒùé´©Å backup and recover secrets: https://dotenvx.com/ops
  Ô£ÿ  128 [chromium] ÔÇ║ tests\e2e\teams\teams.members.spec.ts:159:7 ÔÇ║ Teams Members - Staff (Comiss├úo T├®cnica) ÔÇ║ deve mostrar detalhes do membro do staff (16.4s)
[dotenv@17.2.3] injecting env (0) from .env.test -- tip: ÔÜÖ´©Å  write to custom object with { processEnv: myObject }
[dotenv@17.2.3] injecting env (0) from .env.local -- tip: ­ƒôí add observability to secrets: https://dotenvx.com/ops
  Ô£ÿ  129 [chromium] ÔÇ║ tests\e2e\teams\teams.members.spec.ts:181:7 ÔÇ║ Teams Members - Staff (Comiss├úo T├®cnica) ÔÇ║ deve mostrar contador de membros do staff (16.5s)
[dotenv@17.2.3] injecting env (0) from .env.test -- tip: ÔÜÖ´©Å  write to custom object with { processEnv: myObject }
[dotenv@17.2.3] injecting env (0) from .env.local -- tip: ­ƒùé´©Å backup and recover secrets: https://dotenvx.com/ops
  Ô£ÿ  130 [chromium] ÔÇ║ tests\e2e\teams\teams.members.spec.ts:210:7 ÔÇ║ Teams Members - Atletas ÔÇ║ deve listar atletas da equipe (seed) (16.5s)
[dotenv@17.2.3] injecting env (0) from .env.test -- tip: ­ƒöÉ prevent committing .env to code: https://dotenvx.com/precommit
[dotenv@17.2.3] injecting env (0) from .env.local -- tip: ­ƒöÉ encrypt with Dotenvx: https://dotenvx.com
  Ô£ÿ  131 [chromium] ÔÇ║ tests\e2e\teams\teams.members.spec.ts:222:7 ÔÇ║ Teams Members - Atletas ÔÇ║ deve mostrar nome do atleta (17.2s)
[dotenv@17.2.3] injecting env (0) from .env.test -- tip: ­ƒöÉ prevent committing .env to code: https://dotenvx.com/precommit
[dotenv@17.2.3] injecting env (0) from .env.local -- tip: ­ƒøá´©Å  run anywhere with `dotenvx run -- yourcommand`
  Ô£ÿ  132 [chromium] ÔÇ║ tests\e2e\teams\teams.members.spec.ts:236:7 ÔÇ║ Teams Members - Atletas ÔÇ║ deve mostrar idade ou data de nascimento do atleta (16.9s)
[dotenv@17.2.3] injecting env (0) from .env.test -- tip: ÔÜÖ´©Å  write to custom object with { processEnv: myObject }
[dotenv@17.2.3] injecting env (0) from .env.local -- tip: ÔÜÖ´©Å  specify custom .env file path with { path: '/custom/path/.env' }
  Ô£ÿ  133 [chromium] ÔÇ║ tests\e2e\teams\teams.members.spec.ts:251:7 ÔÇ║ Teams Members - Atletas ÔÇ║ deve mostrar categoria do atleta (Infantil) (16.4s)
[dotenv@17.2.3] injecting env (0) from .env.test -- tip: ÔÜÖ´©Å  load multiple .env files with { path: ['.env.local', '.env'] }
[dotenv@17.2.3] injecting env (0) from .env.local -- tip: ­ƒøá´©Å  run anywhere with `dotenvx run -- yourcommand`
  Ô£ÿ  134 [chromium] ÔÇ║ tests\e2e\teams\teams.members.spec.ts:266:7 ÔÇ║ Teams Members - Atletas ÔÇ║ deve mostrar contador de atletas (16.6s)
[dotenv@17.2.3] injecting env (0) from .env.test -- tip: ­ƒôí add observability to secrets: https://dotenvx.com/ops
[dotenv@17.2.3] injecting env (0) from .env.local -- tip: ­ƒöä add secrets lifecycle management: https://dotenvx.com/ops
